PHPUnit 10.5.63 by Sebastian Bergmann and contributors.

Cannot open bootstrap script "C:\xampp\htdocs\muralrafael5\tests/bootstrap.php"
